Archive member included because of file (symbol)

C:\Microsemi\Projects\cariomart_controller\SoftConsole\cariomart_mss_MSS_CM3_0\cariomart_mss_MSS_CM3_0_hw_platform\Debug\libcariomart_mss_MSS_CM3_0_hw_platform.a(mss_uart.o)
                              C:/Microsemi/Projects/cariomart_controller/SoftConsole/cariomart_mss_MSS_CM3_0/cariomart_mss_MSS_CM3_0_hw_platform/Debug/CMSIS/startup_gcc/newlib_stubs.o (g_mss_uart0)
C:\Microsemi\Projects\cariomart_controller\SoftConsole\cariomart_mss_MSS_CM3_0\cariomart_mss_MSS_CM3_0_hw_platform\Debug\libcariomart_mss_MSS_CM3_0_hw_platform.a(mss_gpio.o)
                              ./main.o (MSS_GPIO_init)
C:\Microsemi\Projects\cariomart_controller\SoftConsole\cariomart_mss_MSS_CM3_0\cariomart_mss_MSS_CM3_0_hw_platform\Debug\libcariomart_mss_MSS_CM3_0_hw_platform.a(mss_ace.o)
                              ./main.o (ACE_init)
C:\Microsemi\Projects\cariomart_controller\SoftConsole\cariomart_mss_MSS_CM3_0\cariomart_mss_MSS_CM3_0_hw_platform\Debug\libcariomart_mss_MSS_CM3_0_hw_platform.a(system_a2fxxxm3.o)
                              C:\Microsemi\Projects\cariomart_controller\SoftConsole\cariomart_mss_MSS_CM3_0\cariomart_mss_MSS_CM3_0_hw_platform\Debug\libcariomart_mss_MSS_CM3_0_hw_platform.a(mss_uart.o) (g_FrequencyPCLK0)
C:\Microsemi\Projects\cariomart_controller\SoftConsole\cariomart_mss_MSS_CM3_0\cariomart_mss_MSS_CM3_0_hw_platform\Debug\libcariomart_mss_MSS_CM3_0_hw_platform.a(ace_config.o)
                              C:\Microsemi\Projects\cariomart_controller\SoftConsole\cariomart_mss_MSS_CM3_0\cariomart_mss_MSS_CM3_0_hw_platform\Debug\libcariomart_mss_MSS_CM3_0_hw_platform.a(mss_ace.o) (g_ace_channel_desc_table)
C:\Microsemi\Projects\cariomart_controller\SoftConsole\cariomart_mss_MSS_CM3_0\cariomart_mss_MSS_CM3_0_hw_platform\Debug\libcariomart_mss_MSS_CM3_0_hw_platform.a(ace_convert.o)
                              C:\Microsemi\Projects\cariomart_controller\SoftConsole\cariomart_mss_MSS_CM3_0\cariomart_mss_MSS_CM3_0_hw_platform\Debug\libcariomart_mss_MSS_CM3_0_hw_platform.a(mss_ace.o) (ace_init_convert)
C:\Microsemi\Projects\cariomart_controller\SoftConsole\cariomart_mss_MSS_CM3_0\cariomart_mss_MSS_CM3_0_hw_platform\Debug\libcariomart_mss_MSS_CM3_0_hw_platform.a(ace_flags.o)
                              C:\Microsemi\Projects\cariomart_controller\SoftConsole\cariomart_mss_MSS_CM3_0\cariomart_mss_MSS_CM3_0_hw_platform\Debug\libcariomart_mss_MSS_CM3_0_hw_platform.a(mss_ace.o) (ace_init_flags)
c:/microsemi/softconsole v3.3/sourcery-g++/bin/../lib/gcc/arm-none-eabi/4.4.1/../../../../arm-none-eabi/lib/thumb2\libc.a(lib_a-errno.o)
                              C:/Microsemi/Projects/cariomart_controller/SoftConsole/cariomart_mss_MSS_CM3_0/cariomart_mss_MSS_CM3_0_hw_platform/Debug/CMSIS/startup_gcc/newlib_stubs.o (__errno)
c:/microsemi/softconsole v3.3/sourcery-g++/bin/../lib/gcc/arm-none-eabi/4.4.1/../../../../arm-none-eabi/lib/thumb2\libc.a(lib_a-impure.o)
                              c:/microsemi/softconsole v3.3/sourcery-g++/bin/../lib/gcc/arm-none-eabi/4.4.1/../../../../arm-none-eabi/lib/thumb2\libc.a(lib_a-errno.o) (_impure_ptr)
c:/microsemi/softconsole v3.3/sourcery-g++/bin/../lib/gcc/arm-none-eabi/4.4.1/../../../../arm-none-eabi/lib/thumb2\libc.a(lib_a-init.o)
                              C:/Microsemi/Projects/cariomart_controller/SoftConsole/cariomart_mss_MSS_CM3_0/cariomart_mss_MSS_CM3_0_hw_platform/Debug/CMSIS/startup_gcc/startup_a2fxxxm3.o (__libc_init_array)
c:/microsemi/softconsole v3.3/sourcery-g++/bin/../lib/gcc/arm-none-eabi/4.4.1/../../../../arm-none-eabi/lib/thumb2\libc.a(lib_a-malloc.o)
                              ./main.o (free)
c:/microsemi/softconsole v3.3/sourcery-g++/bin/../lib/gcc/arm-none-eabi/4.4.1/../../../../arm-none-eabi/lib/thumb2\libc.a(lib_a-mallocr.o)
                              c:/microsemi/softconsole v3.3/sourcery-g++/bin/../lib/gcc/arm-none-eabi/4.4.1/../../../../arm-none-eabi/lib/thumb2\libc.a(lib_a-malloc.o) (_malloc_r)
c:/microsemi/softconsole v3.3/sourcery-g++/bin/../lib/gcc/arm-none-eabi/4.4.1/../../../../arm-none-eabi/lib/thumb2\libc.a(lib_a-memcpy.o)
                              ./main.o (memcpy)
c:/microsemi/softconsole v3.3/sourcery-g++/bin/../lib/gcc/arm-none-eabi/4.4.1/../../../../arm-none-eabi/lib/thumb2\libc.a(lib_a-mlock.o)
                              c:/microsemi/softconsole v3.3/sourcery-g++/bin/../lib/gcc/arm-none-eabi/4.4.1/../../../../arm-none-eabi/lib/thumb2\libc.a(lib_a-mallocr.o) (__malloc_lock)
c:/microsemi/softconsole v3.3/sourcery-g++/bin/../lib/gcc/arm-none-eabi/4.4.1/../../../../arm-none-eabi/lib/thumb2\libc.a(lib_a-sbrkr.o)
                              c:/microsemi/softconsole v3.3/sourcery-g++/bin/../lib/gcc/arm-none-eabi/4.4.1/../../../../arm-none-eabi/lib/thumb2\libc.a(lib_a-mallocr.o) (_sbrk_r)
c:/microsemi/softconsole v3.3/sourcery-g++/bin/../lib/gcc/arm-none-eabi/4.4.1/../../../../arm-none-eabi/lib/thumb2\libc.a(lib_a-strcat.o)
                              ./main.o (strcat)
[...]
Memory Configuration

Name             Origin             Length             Attributes
ram              0x20000000         0x00010000         xrw
*default*        0x00000000         0xffffffff

Linker script and memory map

LOAD c:/microsemi/softconsole v3.3/sourcery-g++/bin/../lib/gcc/arm-none-eabi/4.4.1/thumb2/crti.o
LOAD c:/microsemi/softconsole v3.3/sourcery-g++/bin/../lib/gcc/arm-none-eabi/4.4.1/thumb2/crtbegin.o
LOAD ./main.o
LOAD ./utility.o
LOAD ./xbee.o
LOAD C:/Microsemi/Projects/cariomart_controller/SoftConsole/cariomart_mss_MSS_CM3_0/cariomart_mss_MSS_CM3_0_hw_platform/Debug/CMSIS/startup_gcc/startup_a2fxxxm3.o
LOAD C:/Microsemi/Projects/cariomart_controller/SoftConsole/cariomart_mss_MSS_CM3_0/cariomart_mss_MSS_CM3_0_hw_platform/Debug/CMSIS/startup_gcc/newlib_stubs.o
LOAD C:\Microsemi\Projects\cariomart_controller\SoftConsole\cariomart_mss_MSS_CM3_0\cariomart_mss_MSS_CM3_0_hw_platform\Debug\libcariomart_mss_MSS_CM3_0_hw_platform.a
START GROUP
LOAD c:/microsemi/softconsole v3.3/sourcery-g++/bin/../lib/gcc/arm-none-eabi/4.4.1/thumb2\libgcc.a
LOAD c:/microsemi/softconsole v3.3/sourcery-g++/bin/../lib/gcc/arm-none-eabi/4.4.1/../../../../arm-none-eabi/lib/thumb2\libc.a
END GROUP
LOAD c:/microsemi/softconsole v3.3/sourcery-g++/bin/../lib/gcc/arm-none-eabi/4.4.1/thumb2/crtend.o
LOAD c:/microsemi/softconsole v3.3/sourcery-g++/bin/../lib/gcc/arm-none-eabi/4.4.1/thumb2/crtn.o
START GROUP
LOAD c:/microsemi/softconsole v3.3/sourcery-g++/bin/../lib/gcc/arm-none-eabi/4.4.1/../../../../arm-none-eabi/lib/thumb2\libc.a
LOAD c:/microsemi/softconsole v3.3/sourcery-g++/bin/../lib/gcc/arm-none-eabi/4.4.1/thumb2\libgcc.a
LOAD c:/microsemi/softconsole v3.3/sourcery-g++/bin/../lib/gcc/arm-none-eabi/4.4.1/../../../../arm-none-eabi/lib/thumb2\libm.a
END GROUP
                0x00000000                __DYNAMIC = 0x0
                0x20000000                RAM_START_ADDRESS = 0x20000000
                0x00010000                RAM_SIZE = 0x10000
                0x00002000                MAIN_STACK_SIZE = 0x2000
                0x00001000                PROCESS_STACK_SIZE = 0x1000
                0x20010000                PROVIDE (__main_stack_start, (RAM_START_ADDRESS + RAM_SIZE))
                0x2000e000                PROVIDE (__process_stack_start, (__main_stack_start - MAIN_STACK_SIZE))
                0x20010000                PROVIDE (_estack, __main_stack_start)
                0x00000000                PROVIDE (__mirrored_nvm, 0x0)

.text           0x20000000     0x2c70
 CREATE_OBJECT_SYMBOLS
                0x20000000                __text_load = LOADADDR (.text)
                0x20000000                __text_start = .
                0x20000000                __vector_table_vma_base_address = .
 *(.isr_vector)
 .isr_vector    0x20000000      0x470 C:/Microsemi/Projects/cariomart_controller/SoftConsole/cariomart_mss_MSS_CM3_0/cariomart_mss_MSS_CM3_0_hw_platform/Debug/CMSIS/startup_gcc/startup_a2fxxxm3.o
                0x20000000                g_pfnVectors
                0x20000298                Reset_Handler
                0x20000308                NMI_Handler
                0x2000030a                HardFault_Handler
                0x2000030c                MemManage_Handler
                0x2000030e                BusFault_Handler
                0x20000310                UsageFault_Handler
                0x20000312                SVC_Handler
                0x20000314                DebugMon_Handler
                0x20000316                PendSV_Handler
                0x20000318                SysTick_Handler
                0x2000031a                WdogWakeup_IRQHandler
                0x2000031c                BrownOut_1_5V_IRQHandler
                0x2000031e                BrownOut_3_3V_IRQHandler
                0x20000320                RTC_Match_IRQHandler
                0x20000322                RTCIF_Pub_IRQHandler
                0x20000324                EthernetMAC_IRQHandler
                0x20000326                IAP_IRQHandler
                0x20000328                ENVM0_IRQHandler
                0x2000032a                ENVM1_IRQHandler
                0x2000032c                DMA_IRQHandler
                0x20000332                SPI0_IRQHandler
                0x20000334                SPI1_IRQHandler
                0x20000336                I2C0_IRQHandler
                0x20000338                I2C0_SMBAlert_IRQHandler
                0x2000033a                I2C0_SMBus_IRQHandler
                0x2000033c                I2C1_IRQHandler
                0x2000033e                I2C1_SMBAlert_IRQHandler
                0x20000340                I2C1_SMBus_IRQHandler
                0x20000342                Timer1_IRQHandler
                0x20000344                Timer2_IRQHandler
                0x20000346                PLL_Lock_IRQHandler
                0x20000348                PLL_LockLost_IRQHandler
                0x2000034a                CommError_IRQHandler
                0x2000034c                Fabric_IRQHandler
                0x2000034e                GPIO0_IRQHandler
                0x20000350                GPIO1_IRQHandler
                0x20000352                GPIO2_IRQHandler
                0x20000354                GPIO3_IRQHandler
                0x20000356                GPIO4_IRQHandler
                0x20000358                GPIO5_IRQHandler
                0x2000035a                GPIO6_IRQHandler
                0x2000035c                GPIO7_IRQHandler
                0x2000035e                GPIO8_IRQHandler
                0x20000360                GPIO9_IRQHandler
                0x20000362                GPIO10_IRQHandler
                0x20000364                GPIO11_IRQHandler
                0x20000366                GPIO12_IRQHandler
                0x20000368                GPIO13_IRQHandler
                0x2000036a                GPIO14_IRQHandler
                0x2000036c                GPIO15_IRQHandler
                0x2000036e                GPIO16_IRQHandler
                0x20000370                GPIO17_IRQHandler
                0x20000372                GPIO18_IRQHandler
                0x20000374                GPIO19_IRQHandler
                0x20000376                GPIO20_IRQHandler
                0x20000378                GPIO21_IRQHandler
                0x2000037a                GPIO22_IRQHandler
                0x2000037c                GPIO23_IRQHandler
                0x2000037e                GPIO24_IRQHandler
                0x20000380                GPIO25_IRQHandler
                0x20000382                GPIO26_IRQHandler
                0x20000384                GPIO27_IRQHandler
                0x20000386                GPIO28_IRQHandler
                0x20000388                GPIO29_IRQHandler
                0x2000038a                GPIO30_IRQHandler
                0x2000038c                GPIO31_IRQHandler
                0x2000038e                ACE_PC0_Flag0_IRQHandler
                0x20000390                ACE_PC0_Flag1_IRQHandler
                0x20000392                ACE_PC0_Flag2_IRQHandler
                0x20000394                ACE_PC0_Flag3_IRQHandler
                0x20000396                ACE_PC1_Flag0_IRQHandler
                0x20000398                ACE_PC1_Flag1_IRQHandler
                0x2000039a                ACE_PC1_Flag2_IRQHandler
                0x2000039c                ACE_PC1_Flag3_IRQHandler
                0x2000039e                ACE_PC2_Flag0_IRQHandler
                0x200003a0                ACE_PC2_Flag1_IRQHandler
                0x200003a2                ACE_PC2_Flag2_IRQHandler
                0x200003a4                ACE_PC2_Flag3_IRQHandler
                0x200003a6                ACE_ADC0_DataValid_IRQHandler
                0x200003a8                ACE_ADC1_DataValid_IRQHandler
                0x200003aa                ACE_ADC2_DataValid_IRQHandler
                0x200003ac                ACE_ADC0_CalDone_IRQHandler
                0x200003ae                ACE_ADC1_CalDone_IRQHandler
                0x200003b0                ACE_ADC2_CalDone_IRQHandler
                0x200003b2                ACE_ADC0_CalStart_IRQHandler
                0x200003b4                ACE_ADC1_CalStart_IRQHandler
                0x200003b6                ACE_ADC2_CalStart_IRQHandler
                0x200003b8                ACE_Comp0_Fall_IRQHandler
                0x200003ba                ACE_Comp1_Fall_IRQHandler
                0x200003bc                ACE_Comp2_Fall_IRQHandler
                0x200003be                ACE_Comp3_Fall_IRQHandler
                0x200003c0                ACE_Comp4_Fall_IRQHandler
                0x200003c2                ACE_Comp5_Fall_IRQHandler
                0x200003c4                ACE_Comp6_Fall_IRQHandler
                0x200003c6                ACE_Comp7_Fall_IRQHandler
                0x200003c8                ACE_Comp8_Fall_IRQHandler
                0x200003ca                ACE_Comp9_Fall_IRQHandler
                0x200003cc                ACE_Comp10_Fall_IRQHandler
                0x200003ce                ACE_Comp11_Fall_IRQHandler
                0x200003d0                ACE_Comp0_Rise_IRQHandler
                0x200003d2                ACE_Comp1_Rise_IRQHandler
                0x200003d4                ACE_Comp2_Rise_IRQHandler
                0x200003d6                ACE_Comp3_Rise_IRQHandler
                0x200003d8                ACE_Comp4_Rise_IRQHandler
                0x200003da                ACE_Comp5_Rise_IRQHandler
                0x200003dc                ACE_Comp6_Rise_IRQHandler
                0x200003de                ACE_Comp7_Rise_IRQHandler
                0x200003e0                ACE_Comp8_Rise_IRQHandler
                0x200003e2                ACE_Comp9_Rise_IRQHandler
                0x200003e4                ACE_Comp10_Rise_IRQHandler
                0x200003e6                ACE_Comp11_Rise_IRQHandler
                0x200003e8                ACE_ADC0_FifoFull_IRQHandler
                0x200003ea                ACE_ADC0_FifoAFull_IRQHandler
                0x200003ec                ACE_ADC0_FifoEmpty_IRQHandler
                0x200003ee                ACE_ADC1_FifoFull_IRQHandler
                0x200003f0                ACE_ADC1_FifoAFull_IRQHandler
                0x200003f2                ACE_ADC1_FifoEmpty_IRQHandler
                0x200003f4                ACE_ADC2_FifoFull_IRQHandler
                0x200003f6                ACE_ADC2_FifoAFull_IRQHandler
                0x200003f8                ACE_ADC2_FifoEmpty_IRQHandler
 *(.text .text.* .gnu.linkonce.t.*)
 .text          0x20000470       0x30 c:/microsemi/softconsole v3.3/sourcery-g++/bin/../lib/gcc/arm-none-eabi/4.4.1/thumb2/crtbegin.o
 .text.MSS_GPIO_get_inputs
                0x200004a0       0x18 ./main.o
 .text.main     0x200004b8      0x190 ./main.o
                0x200004b8                main
 .text.NVIC_DisableIRQ
                0x20000648       0x3c ./utility.o
 .text.NVIC_ClearPendingIRQ
                0x20000684       0x3c ./utility.o
 .text.MSS_TIM2_init
                0x200006c0       0x84 ./utility.o
 .text.MSS_TIM2_start
                0x20000744       0x1c ./utility.o
 .text.MSS_TIM2_get_current_value
                0x20000760       0x18 ./utility.o
 .text.MSS_TIM2_load_immediate
                0x20000778       0x20 ./utility.o
 .text.delay    0x20000798       0x3c ./utility.o
                0x20000798                delay
 .text.no_of_digits
                0x200007d4       0x48 ./utility.o
                0x200007d4                no_of_digits
 .text.itoa     0x2000081c       0xd4 ./utility.o
                0x2000081c                itoa
 .text.XBEE_init
                0x200008f0       0x34 ./xbee.o
                0x200008f0                XBEE_init
 .text.XBEE_send
                0x20000924       0x20 ./xbee.o
                0x20000924                XBEE_send
 .text.XBEE_rx_handler
                0x20000944      0x108 ./xbee.o
                0x20000944                XBEE_rx_handler
 .text._exit    0x20000a4c        0xc C:/Microsemi/Projects/cariomart_controller/SoftConsole/cariomart_mss_MSS_CM3_0/cariomart_mss_MSS_CM3_0_hw_platform/Debug/CMSIS/startup_gcc/newlib_stubs.o
                0x20000a4c                _exit
 .text._write_r
                0x20000a58       0x5c C:/Microsemi/Projects/cariomart_controller/SoftConsole/cariomart_mss_MSS_CM3_0/cariomart_mss_MSS_CM3_0_hw_platform/Debug/CMSIS/startup_gcc/newlib_stubs.o
                0x20000a58                _write_r
 .text._sbrk    0x20000ab4       0x94 C:/Microsemi/Projects/cariomart_controller/SoftConsole/cariomart_mss_MSS_CM3_0/cariomart_mss_MSS_CM3_0_hw_platform/Debug/CMSIS/startup_gcc/newlib_stubs.o
                0x20000ab4                _sbrk
 .text.NVIC_EnableIRQ
                0x20000b48       0x38 C:\Microsemi\Projects\cariomart_controller\SoftConsole\cariomart_mss_MSS_CM3_0\cariomart_mss_MSS_CM3_0_hw_platform\Debug\libcariomart_mss_MSS_CM3_0_hw_platform.a(mss_uart.o)
 .text.NVIC_ClearPendingIRQ
                0x20000b80       0x3c C:\Microsemi\Projects\cariomart_controller\SoftConsole\cariomart_mss_MSS_CM3_0\cariomart_mss_MSS_CM3_0_hw_platform\Debug\libcariomart_mss_MSS_CM3_0_hw_platform.a(mss_uart.o)
 .text.MSS_UART_init
                0x20000bbc      0x204 C:\Microsemi\Projects\cariomart_controller\SoftConsole\cariomart_mss_MSS_CM3_0\cariomart_mss_MSS_CM3_0_hw_platform\Debug\libcariomart_mss_MSS_CM3_0_hw_platform.a(mss_uart.o)
                0x20000bbc                MSS_UART_init
 .text.MSS_UART_polled_tx
                0x20000dc0       0xe4 C:\Microsemi\Projects\cariomart_controller\SoftConsole\cariomart_mss_MSS_CM3_0\cariomart_mss_MSS_CM3_0_hw_platform\Debug\libcariomart_mss_MSS_CM3_0_hw_platform.a(mss_uart.o)
                0x20000dc0                MSS_UART_polled_tx
 .text.MSS_UART_polled_tx_string
                0x20000ea4       0xd0 C:\Microsemi\Projects\cariomart_controller\SoftConsole\cariomart_mss_MSS_CM3_0\cariomart_mss_MSS_CM3_0_hw_platform\Debug\libcariomart_mss_MSS_CM3_0_hw_platform.a(mss_uart.o)
                0x20000ea4                MSS_UART_polled_tx_string
 .text.MSS_UART_get_rx
                0x20000f74       0xdc C:\Microsemi\Projects\cariomart_controller\SoftConsole\cariomart_mss_MSS_CM3_0\cariomart_mss_MSS_CM3_0_hw_platform\Debug\libcariomart_mss_MSS_CM3_0_hw_platform.a(mss_uart.o)
                0x20000f74                MSS_UART_get_rx
 .text.MSS_UART_isr
                0x20001050      0x11c C:\Microsemi\Projects\cariomart_controller\SoftConsole\cariomart_mss_MSS_CM3_0\cariomart_mss_MSS_CM3_0_hw_platform\Debug\libcariomart_mss_MSS_CM3_0_hw_platform.a(mss_uart.o)
 .text.default_tx_handler
                0x2000116c      0x108 C:\Microsemi\Projects\cariomart_controller\SoftConsole\cariomart_mss_MSS_CM3_0\cariomart_mss_MSS_CM3_0_hw_platform\Debug\libcariomart_mss_MSS_CM3_0_hw_platform.a(mss_uart.o)
 .text.MSS_UART_set_rx_handler
                0x20001274       0xa8 C:\Microsemi\Projects\cariomart_controller\SoftConsole\cariomart_mss_MSS_CM3_0\cariomart_mss_MSS_CM3_0_hw_platform\Debug\libcariomart_mss_MSS_CM3_0_hw_platform.a(mss_uart.o)
                0x20001274                MSS_UART_set_rx_handler
 .text.UART0_IRQHandler
                0x2000131c       0x2c C:\Microsemi\Projects\cariomart_controller\SoftConsole\cariomart_mss_MSS_CM3_0\cariomart_mss_MSS_CM3_0_hw_platform\Debug\libcariomart_mss_MSS_CM3_0_hw_platform.a(mss_uart.o)
                0x2000131c                UART0_IRQHandler
 .text.UART1_IRQHandler
                0x20001348       0x2c C:\Microsemi\Projects\cariomart_controller\SoftConsole\cariomart_mss_MSS_CM3_0\cariomart_mss_MSS_CM3_0_hw_platform\Debug\libcariomart_mss_MSS_CM3_0_hw_platform.a(mss_uart.o)
                0x20001348                UART1_IRQHandler
 .text.NVIC_ClearPendingIRQ
                0x20001374       0x3c C:\Microsemi\Projects\cariomart_controller\SoftConsole\cariomart_mss_MSS_CM3_0\cariomart_mss_MSS_CM3_0_hw_platform\Debug\libcariomart_mss_MSS_CM3_0_hw_platform.a(mss_gpio.o)
 .text.MSS_GPIO_init
                0x200013b0       0x6c C:\Microsemi\Projects\cariomart_controller\SoftConsole\cariomart_mss_MSS_CM3_0\cariomart_mss_MSS_CM3_0_hw_platform\Debug\libcariomart_mss_MSS_CM3_0_hw_platform.a(mss_gpio.o)
                0x200013b0                MSS_GPIO_init
 .text.MSS_GPIO_config
                0x2000141c       0x3c C:\Microsemi\Projects\cariomart_controller\SoftConsole\cariomart_mss_MSS_CM3_0\cariomart_mss_MSS_CM3_0_hw_platform\Debug\libcariomart_mss_MSS_CM3_0_hw_platform.a(mss_gpio.o)
                0x2000141c                MSS_GPIO_config
 .text.ACE_init
                0x20001458       0x10 C:\Microsemi\Projects\cariomart_controller\SoftConsole\cariomart_mss_MSS_CM3_0\cariomart_mss_MSS_CM3_0_hw_platform\Debug\libcariomart_mss_MSS_CM3_0_hw_platform.a(mss_ace.o)
                0x20001458                ACE_init
 .text.ACE_get_channel_handle
                0x20001468       0x74 C:\Microsemi\Projects\cariomart_controller\SoftConsole\cariomart_mss_MSS_CM3_0\cariomart_mss_MSS_CM3_0_hw_platform\Debug\libcariomart_mss_MSS_CM3_0_hw_platform.a(mss_ace.o)
                0x20001468                ACE_get_channel_handle
 .text.ACE_get_ppe_sample
                0x200014dc       0x54 C:\Microsemi\Projects\cariomart_controller\SoftConsole\cariomart_mss_MSS_CM3_0\cariomart_mss_MSS_CM3_0_hw_platform\Debug\libcariomart_mss_MSS_CM3_0_hw_platform.a(mss_ace.o)
                0x200014dc                ACE_get_ppe_sample
 .text.SystemInit
                0x20001530        0xc C:\Microsemi\Projects\cariomart_controller\SoftConsole\cariomart_mss_MSS_CM3_0\cariomart_mss_MSS_CM3_0_hw_platform\Debug\libcariomart_mss_MSS_CM3_0_hw_platform.a(system_a2fxxxm3.o)
                0x20001530                SystemInit
 .text.SystemCoreClockUpdate
                0x2000153c      0x150 C:\Microsemi\Projects\cariomart_controller\SoftConsole\cariomart_mss_MSS_CM3_0\cariomart_mss_MSS_CM3_0_hw_platform\Debug\libcariomart_mss_MSS_CM3_0_hw_platform.a(system_a2fxxxm3.o)
                0x2000153c                SystemCoreClockUpdate
 .text.GetSystemClock
                0x2000168c       0xe8 C:\Microsemi\Projects\cariomart_controller\SoftConsole\cariomart_mss_MSS_CM3_0\cariomart_mss_MSS_CM3_0_hw_platform\Debug\libcariomart_mss_MSS_CM3_0_hw_platform.a(system_a2fxxxm3.o)
 .text.ace_init_convert
                0x20001774      0x1b4 C:\Microsemi\Projects\cariomart_controller\SoftConsole\cariomart_mss_MSS_CM3_0\cariomart_mss_MSS_CM3_0_hw_platform\Debug\libcariomart_mss_MSS_CM3_0_hw_platform.a(ace_convert.o)
                0x20001774                ace_init_convert
 .text.NVIC_ClearPendingIRQ
                0x20001928       0x3c C:\Microsemi\Projects\cariomart_controller\SoftConsole\cariomart_mss_MSS_CM3_0\cariomart_mss_MSS_CM3_0_hw_platform\Debug\libcariomart_mss_MSS_CM3_0_hw_platform.a(ace_flags.o)
 .text.ace_init_flags
                0x20001964        0xc C:\Microsemi\Projects\cariomart_controller\SoftConsole\cariomart_mss_MSS_CM3_0\cariomart_mss_MSS_CM3_0_hw_platform\Debug\libcariomart_mss_MSS_CM3_0_hw_platform.a(ace_flags.o)
                0x20001964                ace_init_flags
 .text.process_flag_irq
                0x20001970       0x14 C:\Microsemi\Projects\cariomart_controller\SoftConsole\cariomart_mss_MSS_CM3_0\cariomart_mss_MSS_CM3_0_hw_platform\Debug\libcariomart_mss_MSS_CM3_0_hw_platform.a(ace_flags.o)
 .text.ACE_PPE_Flag0_IRQHandler
                0x20001984       0x28 C:\Microsemi\Projects\cariomart_controller\SoftConsole\cariomart_mss_MSS_CM3_0\cariomart_mss_MSS_CM3_0_hw_platform\Debug\libcariomart_mss_MSS_CM3_0_hw_platform.a(ace_flags.o)
                0x20001984                ACE_PPE_Flag0_IRQHandler
 .text.ACE_PPE_Flag1_IRQHandler
                0x200019ac       0x28 C:\Microsemi\Projects\cariomart_controller\SoftConsole\cariomart_mss_MSS_CM3_0\cariomart_mss_MSS_CM3_0_hw_platform\Debug\libcariomart_mss_MSS_CM3_0_hw_platform.a(ace_flags.o)
                0x200019ac                ACE_PPE_Flag1_IRQHandler
 .text.ACE_PPE_Flag2_IRQHandler
                0x200019d4       0x28 C:\Microsemi\Projects\cariomart_controller\SoftConsole\cariomart_mss_MSS_CM3_0\cariomart_mss_MSS_CM3_0_hw_platform\Debug\libcariomart_mss_MSS_CM3_0_hw_platform.a(ace_flags.o)
                0x200019d4                ACE_PPE_Flag2_IRQHandler
 .text.ACE_PPE_Flag3_IRQHandler
                0x200019fc       0x28 C:\Microsemi\Projects\cariomart_controller\SoftConsole\cariomart_mss_MSS_CM3_0\cariomart_mss_MSS_CM3_0_hw_platform\Debug\libcariomart_mss_MSS_CM3_0_hw_platform.a(ace_flags.o)
                0x200019fc                ACE_PPE_Flag3_IRQHandler
 .text.ACE_PPE_Flag4_IRQHandler
                0x20001a24       0x28 C:\Microsemi\Projects\cariomart_controller\SoftConsole\cariomart_mss_MSS_CM3_0\cariomart_mss_MSS_CM3_0_hw_platform\Debug\libcariomart_mss_MSS_CM3_0_hw_platform.a(ace_flags.o)
                0x20001a24                ACE_PPE_Flag4_IRQHandler
 .text.ACE_PPE_Flag5_IRQHandler
                0x20001a4c       0x28 C:\Microsemi\Projects\cariomart_controller\SoftConsole\cariomart_mss_MSS_CM3_0\cariomart_mss_MSS_CM3_0_hw_platform\Debug\libcariomart_mss_MSS_CM3_0_hw_platform.a(ace_flags.o)
                0x20001a4c                ACE_PPE_Flag5_IRQHandler
 .text.ACE_PPE_Flag6_IRQHandler
                0x20001a74       0x28 C:\Microsemi\Projects\cariomart_controller\SoftConsole\cariomart_mss_MSS_CM3_0\cariomart_mss_MSS_CM3_0_hw_platform\Debug\libcariomart_mss_MSS_CM3_0_hw_platform.a(ace_flags.o)
                0x20001a74                ACE_PPE_Flag6_IRQHandler
 .text.ACE_PPE_Flag7_IRQHandler
                0x20001a9c       0x28 C:\Microsemi\Projects\cariomart_controller\SoftConsole\cariomart_mss_MSS_CM3_0\cariomart_mss_MSS_CM3_0_hw_platform\Debug\libcariomart_mss_MSS_CM3_0_hw_platform.a(ace_flags.o)
                0x20001a9c                ACE_PPE_Flag7_IRQHandler
 .text.ACE_PPE_Flag8_IRQHandler
                0x20001ac4       0x28 C:\Microsemi\Projects\cariomart_controller\SoftConsole\cariomart_mss_MSS_CM3_0\cariomart_mss_MSS_CM3_0_hw_platform\Debug\libcariomart_mss_MSS_CM3_0_hw_platform.a(ace_flags.o)
                0x20001ac4                ACE_PPE_Flag8_IRQHandler
 .text.ACE_PPE_Flag9_IRQHandler
                0x20001aec       0x28 C:\Microsemi\Projects\cariomart_controller\SoftConsole\cariomart_mss_MSS_CM3_0\cariomart_mss_MSS_CM3_0_hw_platform\Debug\libcariomart_mss_MSS_CM3_0_hw_platform.a(ace_flags.o)
                0x20001aec                ACE_PPE_Flag9_IRQHandler
 .text.ACE_PPE_Flag10_IRQHandler
                0x20001b14       0x28 C:\Microsemi\Projects\cariomart_controller\SoftConsole\cariomart_mss_MSS_CM3_0\cariomart_mss_MSS_CM3_0_hw_platform\Debug\libcariomart_mss_MSS_CM3_0_hw_platform.a(ace_flags.o)
                0x20001b14                ACE_PPE_Flag10_IRQHandler
 .text.ACE_PPE_Flag11_IRQHandler
                0x20001b3c       0x28 C:\Microsemi\Projects\cariomart_controller\SoftConsole\cariomart_mss_MSS_CM3_0\cariomart_mss_MSS_CM3_0_hw_platform\Debug\libcariomart_mss_MSS_CM3_0_hw_platform.a(ace_flags.o)
                0x20001b3c                ACE_PPE_Flag11_IRQHandler
 .text.ACE_PPE_Flag12_IRQHandler
                0x20001b64       0x28 C:\Microsemi\Projects\cariomart_controller\SoftConsole\cariomart_mss_MSS_CM3_0\cariomart_mss_MSS_CM3_0_hw_platform\Debug\libcariomart_mss_MSS_CM3_0_hw_platform.a(ace_flags.o)
                0x20001b64                ACE_PPE_Flag12_IRQHandler
 .text.ACE_PPE_Flag13_IRQHandler
                0x20001b8c       0x28 C:\Microsemi\Projects\cariomart_controller\SoftConsole\cariomart_mss_MSS_CM3_0\cariomart_mss_MSS_CM3_0_hw_platform\Debug\libcariomart_mss_MSS_CM3_0_hw_platform.a(ace_flags.o)
                0x20001b8c                ACE_PPE_Flag13_IRQHandler
 .text.ACE_PPE_Flag14_IRQHandler
                0x20001bb4       0x28 C:\Microsemi\Projects\cariomart_controller\SoftConsole\cariomart_mss_MSS_CM3_0\cariomart_mss_MSS_CM3_0_hw_platform\Debug\libcariomart_mss_MSS_CM3_0_hw_platform.a(ace_flags.o)
                0x20001bb4                ACE_PPE_Flag14_IRQHandler
 .text.ACE_PPE_Flag15_IRQHandler
                0x20001bdc       0x28 C:\Microsemi\Projects\cariomart_controller\SoftConsole\cariomart_mss_MSS_CM3_0\cariomart_mss_MSS_CM3_0_hw_platform\Debug\libcariomart_mss_MSS_CM3_0_hw_platform.a(ace_flags.o)
                0x20001bdc                ACE_PPE_Flag15_IRQHandler
 .text.ACE_PPE_Flag16_IRQHandler
                0x20001c04       0x28 C:\Microsemi\Projects\cariomart_controller\SoftConsole\cariomart_mss_MSS_CM3_0\cariomart_mss_MSS_CM3_0_hw_platform\Debug\libcariomart_mss_MSS_CM3_0_hw_platform.a(ace_flags.o)
                0x20001c04                ACE_PPE_Flag16_IRQHandler
 .text.ACE_PPE_Flag17_IRQHandler
                0x20001c2c       0x28 C:\Microsemi\Projects\cariomart_controller\SoftConsole\cariomart_mss_MSS_CM3_0\cariomart_mss_MSS_CM3_0_hw_platform\Debug\libcariomart_mss_MSS_CM3_0_hw_platform.a(ace_flags.o)
                0x20001c2c                ACE_PPE_Flag17_IRQHandler
 .text.ACE_PPE_Flag18_IRQHandler
                0x20001c54       0x28 C:\Microsemi\Projects\cariomart_controller\SoftConsole\cariomart_mss_MSS_CM3_0\cariomart_mss_MSS_CM3_0_hw_platform\Debug\libcariomart_mss_MSS_CM3_0_hw_platform.a(ace_flags.o)
                0x20001c54                ACE_PPE_Flag18_IRQHandler
 .text.ACE_PPE_Flag19_IRQHandler
                0x20001c7c       0x28 C:\Microsemi\Projects\cariomart_controller\SoftConsole\cariomart_mss_MSS_CM3_0\cariomart_mss_MSS_CM3_0_hw_platform\Debug\libcariomart_mss_MSS_CM3_0_hw_platform.a(ace_flags.o)
                0x20001c7c                ACE_PPE_Flag19_IRQHandler
 .text.ACE_PPE_Flag20_IRQHandler
                0x20001ca4       0x28 C:\Microsemi\Projects\cariomart_controller\SoftConsole\cariomart_mss_MSS_CM3_0\cariomart_mss_MSS_CM3_0_hw_platform\Debug\libcariomart_mss_MSS_CM3_0_hw_platform.a(ace_flags.o)
                0x20001ca4                ACE_PPE_Flag20_IRQHandler
 .text.ACE_PPE_Flag21_IRQHandler
                0x20001ccc       0x28 C:\Microsemi\Projects\cariomart_controller\SoftConsole\cariomart_mss_MSS_CM3_0\cariomart_mss_MSS_CM3_0_hw_platform\Debug\libcariomart_mss_MSS_CM3_0_hw_platform.a(ace_flags.o)
                0x20001ccc                ACE_PPE_Flag21_IRQHandler
 .text.ACE_PPE_Flag22_IRQHandler
                0x20001cf4       0x28 C:\Microsemi\Projects\cariomart_controller\SoftConsole\cariomart_mss_MSS_CM3_0\cariomart_mss_MSS_CM3_0_hw_platform\Debug\libcariomart_mss_MSS_CM3_0_hw_platform.a(ace_flags.o)
                0x20001cf4                ACE_PPE_Flag22_IRQHandler
 .text.ACE_PPE_Flag23_IRQHandler
                0x20001d1c       0x28 C:\Microsemi\Projects\cariomart_controller\SoftConsole\cariomart_mss_MSS_CM3_0\cariomart_mss_MSS_CM3_0_hw_platform\Debug\libcariomart_mss_MSS_CM3_0_hw_platform.a(ace_flags.o)
                0x20001d1c                ACE_PPE_Flag23_IRQHandler
 .text.ACE_PPE_Flag24_IRQHandler
                0x20001d44       0x28 C:\Microsemi\Projects\cariomart_controller\SoftConsole\cariomart_mss_MSS_CM3_0\cariomart_mss_MSS_CM3_0_hw_platform\Debug\libcariomart_mss_MSS_CM3_0_hw_platform.a(ace_flags.o)
                0x20001d44                ACE_PPE_Flag24_IRQHandler
 .text.ACE_PPE_Flag25_IRQHandler
                0x20001d6c       0x28 C:\Microsemi\Projects\cariomart_controller\SoftConsole\cariomart_mss_MSS_CM3_0\cariomart_mss_MSS_CM3_0_hw_platform\Debug\libcariomart_mss_MSS_CM3_0_hw_platform.a(ace_flags.o)
                0x20001d6c                ACE_PPE_Flag25_IRQHandler
 .text.ACE_PPE_Flag26_IRQHandler
                0x20001d94       0x28 C:\Microsemi\Projects\cariomart_controller\SoftConsole\cariomart_mss_MSS_CM3_0\cariomart_mss_MSS_CM3_0_hw_platform\Debug\libcariomart_mss_MSS_CM3_0_hw_platform.a(ace_flags.o)
                0x20001d94                ACE_PPE_Flag26_IRQHandler
 .text.ACE_PPE_Flag27_IRQHandler
                0x20001dbc       0x28 C:\Microsemi\Projects\cariomart_controller\SoftConsole\cariomart_mss_MSS_CM3_0\cariomart_mss_MSS_CM3_0_hw_platform\Debug\libcariomart_mss_MSS_CM3_0_hw_platform.a(ace_flags.o)
                0x20001dbc                ACE_PPE_Flag27_IRQHandler
 .text.ACE_PPE_Flag28_IRQHandler
                0x20001de4       0x28 C:\Microsemi\Projects\cariomart_controller\SoftConsole\cariomart_mss_MSS_CM3_0\cariomart_mss_MSS_CM3_0_hw_platform\Debug\libcariomart_mss_MSS_CM3_0_hw_platform.a(ace_flags.o)
                0x20001de4                ACE_PPE_Flag28_IRQHandler
 .text.ACE_PPE_Flag29_IRQHandler
                0x20001e0c       0x28 C:\Microsemi\Projects\cariomart_controller\SoftConsole\cariomart_mss_MSS_CM3_0\cariomart_mss_MSS_CM3_0_hw_platform\Debug\libcariomart_mss_MSS_CM3_0_hw_platform.a(ace_flags.o)
                0x20001e0c                ACE_PPE_Flag29_IRQHandler
 .text.ACE_PPE_Flag30_IRQHandler
                0x20001e34       0x28 C:\Microsemi\Projects\cariomart_controller\SoftConsole\cariomart_mss_MSS_CM3_0\cariomart_mss_MSS_CM3_0_hw_platform\Debug\libcariomart_mss_MSS_CM3_0_hw_platform.a(ace_flags.o)
                0x20001e34                ACE_PPE_Flag30_IRQHandler
 .text.ACE_PPE_Flag31_IRQHandler
                0x20001e5c       0x28 C:\Microsemi\Projects\cariomart_controller\SoftConsole\cariomart_mss_MSS_CM3_0\cariomart_mss_MSS_CM3_0_hw_platform\Debug\libcariomart_mss_MSS_CM3_0_hw_platform.a(ace_flags.o)
                0x20001e5c                ACE_PPE_Flag31_IRQHandler
 .text          0x20001e84       0x50 c:/microsemi/softconsole v3.3/sourcery-g++/bin/../lib/gcc/arm-none-eabi/4.4.1/../../../../arm-none-eabi/lib/thumb2\libc.a(lib_a-init.o)
                0x20001e84                __libc_init_array
 .text          0x20001ed4       0x20 c:/microsemi/softconsole v3.3/sourcery-g++/bin/../lib/gcc/arm-none-eabi/4.4.1/../../../../arm-none-eabi/lib/thumb2\libc.a(lib_a-malloc.o)
                0x20001ed4                free
                0x20001ee4                malloc
 .text          0x20001ef4      0x5a4 c:/microsemi/softconsole v3.3/sourcery-g++/bin/../lib/gcc/arm-none-eabi/4.4.1/../../../../arm-none-eabi/lib/thumb2\libc.a(lib_a-mallocr.o)
                0x20001ef4                _malloc_r
 .text          0x20002498      0x190 c:/microsemi/softconsole v3.3/sourcery-g++/bin/../lib/gcc/arm-none-eabi/4.4.1/../../../../arm-none-eabi/lib/thumb2\libc.a(lib_a-memcpy.o)
                0x20002498                memcpy
 .text          0x20002628        0x8 c:/microsemi/softconsole v3.3/sourcery-g++/bin/../lib/gcc/arm-none-eabi/4.4.1/../../../../arm-none-eabi/lib/thumb2\libc.a(lib_a-mlock.o)
                0x20002628                __malloc_lock
                0x2000262c                __malloc_unlock
 .text          0x20002630       0x28 c:/microsemi/softconsole v3.3/sourcery-g++/bin/../lib/gcc/arm-none-eabi/4.4.1/../../../../arm-none-eabi/lib/thumb2\libc.a(lib_a-sbrkr.o)
                0x20002630                _sbrk_r
 .text          0x20002658       0x48 c:/microsemi/softconsole v3.3/sourcery-g++/bin/../lib/gcc/arm-none-eabi/4.4.1/../../../../arm-none-eabi/lib/thumb2\libc.a(lib_a-strcat.o)
                0x20002658                strcat
 .text          0x200026a0       0xbc c:/microsemi/softconsole v3.3/sourcery-g++/bin/../lib/gcc/arm-none-eabi/4.4.1/../../../../arm-none-eabi/lib/thumb2\libc.a(lib_a-strcpy.o)
                0x200026a0                strcpy
 .text          0x2000275c       0x60 c:/microsemi/softconsole v3.3/sourcery-g++/bin/../lib/gcc/arm-none-eabi/4.4.1/../../../../arm-none-eabi/lib/thumb2\libc.a(lib_a-strlen.o)
                0x2000275c                strlen
 .text          0x200027bc       0xa8 c:/microsemi/softconsole v3.3/sourcery-g++/bin/../lib/gcc/arm-none-eabi/4.4.1/../../../../arm-none-eabi/lib/thumb2\libc.a(lib_a-strncmp.o)
                0x200027bc                strncmp
 .text          0x20002864      0x268 c:/microsemi/softconsole v3.3/sourcery-g++/bin/../lib/gcc/arm-none-eabi/4.4.1/../../../../arm-none-eabi/lib/thumb2\libc.a(lib_a-freer.o)
                0x20002864                _malloc_trim_r
                0x2000290c                _free_r
 *(.plt)
 *(.gnu.warning)
 *(.glue_7t)
 .glue_7t       0x00000000        0x0 linker stubs
 *(.glue_7)
 .glue_7        0x00000000        0x0 linker stubs
 *(.vfp11_veneer)
 .vfp11_veneer  0x00000000        0x0 linker stubs
                0x20002acc                . = ALIGN (0x4)
 *crtbegin.o(.ctors)
 *(EXCLUDE_FILE(*crtend.o) .ctors)
 *(SORT(.ctors.*))
 *crtend.o(.ctors)
 *crtbegin.o(.dtors)
 *(EXCLUDE_FILE(*crtend.o) .dtors)
 *(SORT(.dtors.*))
 *crtend.o(.dtors)
 *(.rodata .rodata.* .gnu.linkonce.r.*)
 .rodata        0x20002acc       0x20 ./main.o
 .rodata        0x20002aec       0x1c C:/Microsemi/Projects/cariomart_controller/SoftConsole/cariomart_mss_MSS_CM3_0/cariomart_mss_MSS_CM3_0_hw_platform/Debug/CMSIS/startup_gcc/newlib_stubs.o
 .rodata.g_config_reg_lut
                0x20002b08       0x80 C:\Microsemi\Projects\cariomart_controller\SoftConsole\cariomart_mss_MSS_CM3_0\cariomart_mss_MSS_CM3_0_hw_platform\Debug\libcariomart_mss_MSS_CM3_0_hw_platform.a(mss_gpio.o)
 .rodata.g_gpio_irqn_lut
                0x20002b88       0x40 C:\Microsemi\Projects\cariomart_controller\SoftConsole\cariomart_mss_MSS_CM3_0\cariomart_mss_MSS_CM3_0_hw_platform\Debug\libcariomart_mss_MSS_CM3_0_hw_platform.a(mss_gpio.o)
 .rodata.C.18.2576
                0x20002bc8       0x10 C:\Microsemi\Projects\cariomart_controller\SoftConsole\cariomart_mss_MSS_CM3_0\cariomart_mss_MSS_CM3_0_hw_platform\Debug\libcariomart_mss_MSS_CM3_0_hw_platform.a(system_a2fxxxm3.o)
 .rodata.g_ace_channel_0_name
                0x20002bd8       0x14 C:\Microsemi\Projects\cariomart_controller\SoftConsole\cariomart_mss_MSS_CM3_0\cariomart_mss_MSS_CM3_0_hw_platform\Debug\libcariomart_mss_MSS_CM3_0_hw_platform.a(ace_config.o)
                0x20002bd8                g_ace_channel_0_name
 .rodata.channel_type_lut
                0x20002bec       0x30 C:\Microsemi\Projects\cariomart_controller\SoftConsole\cariomart_mss_MSS_CM3_0\cariomart_mss_MSS_CM3_0_hw_platform\Debug\libcariomart_mss_MSS_CM3_0_hw_platform.a(ace_convert.o)
 .rodata.channel_quad_lut
                0x20002c1c       0x30 C:\Microsemi\Projects\cariomart_controller\SoftConsole\cariomart_mss_MSS_CM3_0\cariomart_mss_MSS_CM3_0_hw_platform\Debug\libcariomart_mss_MSS_CM3_0_hw_platform.a(ace_convert.o)
 .rodata.str1.4
                0x20002c4c        0x4 c:/microsemi/softconsole v3.3/sourcery-g++/bin/../lib/gcc/arm-none-eabi/4.4.1/../../../../arm-none-eabi/lib/thumb2\libc.a(lib_a-impure.o)
 *(.ARM.extab* .gnu.linkonce.armextab.*)
 *(.gcc_except_table)
 *(.eh_frame_hdr)
 *(.eh_frame)
 *(.init)
 .init          0x20002c50        0x4 c:/microsemi/softconsole v3.3/sourcery-g++/bin/../lib/gcc/arm-none-eabi/4.4.1/thumb2/crti.o
                0x20002c50                _init
 .init          0x20002c54        0x8 c:/microsemi/softconsole v3.3/sourcery-g++/bin/../lib/gcc/arm-none-eabi/4.4.1/thumb2/crtn.o
 *(.fini)
 .fini          0x20002c5c        0x4 c:/microsemi/softconsole v3.3/sourcery-g++/bin/../lib/gcc/arm-none-eabi/4.4.1/thumb2/crti.o
                0x20002c5c                _fini
 .fini          0x20002c60        0x8 c:/microsemi/softconsole v3.3/sourcery-g++/bin/../lib/gcc/arm-none-eabi/4.4.1/thumb2/crtn.o
                0x20002c68                PROVIDE (__preinit_array_start, .)
 *(.preinit_array)
                0x20002c68                PROVIDE (__preinit_array_end, .)
                0x20002c68                PROVIDE (__init_array_start, .)
 *(SORT(.init_array.*))
 *(.init_array)
 .init_array    0x20002c68        0x4 c:/microsemi/softconsole v3.3/sourcery-g++/bin/../lib/gcc/arm-none-eabi/4.4.1/thumb2/crtbegin.o
                0x20002c6c                PROVIDE (__init_array_end, .)
                0x20002c6c                PROVIDE (__fini_array_start, .)
 *(.fini_array)
 .fini_array    0x20002c6c        0x4 c:/microsemi/softconsole v3.3/sourcery-g++/bin/../lib/gcc/arm-none-eabi/4.4.1/thumb2/crtbegin.o
 *(SORT(.fini_array.*))
                0x20002c70                PROVIDE (__fini_array_end, .)
                0x20002c70                __exidx_start = .

.v4_bx          0x20002c70        0x0
 .v4_bx         0x00000000        0x0 linker stubs

.ARM.exidx
 *(.ARM.exidx* .gnu.linkonce.armexidx.*)
                0x20002c70                __exidx_end = .
                0x20002c70                _etext = .
                0x20002c70                PROVIDE (__text_end, .)

.data           0x20002c70      0x530
                0x20002c70                __data_load = LOADADDR (.data)
                0x20002c70                _sidata = LOADADDR (.data)
                0x20002c70                __data_start = .
                0x20002c70                _sdata = .
 *(.jcr)
 .jcr           0x20002c70        0x0 c:/microsemi/softconsole v3.3/sourcery-g++/bin/../lib/gcc/arm-none-eabi/4.4.1/thumb2/crtbegin.o
 .jcr           0x20002c70        0x4 c:/microsemi/softconsole v3.3/sourcery-g++/bin/../lib/gcc/arm-none-eabi/4.4.1/thumb2/crtend.o
 *(.got.plt)
 *(.got)
 *(.shdata)
 *(.data .data.* .gnu.linkonce.d.*)
 .data.SystemFrequency
                0x20002c74        0x4 C:\Microsemi\Projects\cariomart_controller\SoftConsole\cariomart_mss_MSS_CM3_0\cariomart_mss_MSS_CM3_0_hw_platform\Debug\libcariomart_mss_MSS_CM3_0_hw_platform.a(system_a2fxxxm3.o)
                0x20002c74                SystemFrequency
 .data.SystemCoreClock
                0x20002c78        0x4 C:\Microsemi\Projects\cariomart_controller\SoftConsole\cariomart_mss_MSS_CM3_0\cariomart_mss_MSS_CM3_0_hw_platform\Debug\libcariomart_mss_MSS_CM3_0_hw_platform.a(system_a2fxxxm3.o)
                0x20002c78                SystemCoreClock
 .data.g_FrequencyPCLK0
                0x20002c7c        0x4 C:\Microsemi\Projects\cariomart_controller\SoftConsole\cariomart_mss_MSS_CM3_0\cariomart_mss_MSS_CM3_0_hw_platform\Debug\libcariomart_mss_MSS_CM3_0_hw_platform.a(system_a2fxxxm3.o)
                0x20002c7c                g_FrequencyPCLK0
 .data.g_FrequencyPCLK1
                0x20002c80        0x4 C:\Microsemi\Projects\cariomart_controller\SoftConsole\cariomart_mss_MSS_CM3_0\cariomart_mss_MSS_CM3_0_hw_platform\Debug\libcariomart_mss_MSS_CM3_0_hw_platform.a(system_a2fxxxm3.o)
                0x20002c80                g_FrequencyPCLK1
 .data.g_FrequencyACE
                0x20002c84        0x4 C:\Microsemi\Projects\cariomart_controller\SoftConsole\cariomart_mss_MSS_CM3_0\cariomart_mss_MSS_CM3_0_hw_platform\Debug\libcariomart_mss_MSS_CM3_0_hw_platform.a(system_a2fxxxm3.o)
                0x20002c84                g_FrequencyACE
 .data.g_FrequencyFPGA
                0x20002c88        0x4 C:\Microsemi\Projects\cariomart_controller\SoftConsole\cariomart_mss_MSS_CM3_0\cariomart_mss_MSS_CM3_0_hw_platform\Debug\libcariomart_mss_MSS_CM3_0_hw_platform.a(system_a2fxxxm3.o)
                0x20002c88                g_FrequencyFPGA
 .data.g_ace_channel_desc_table
                0x20002c8c       0x10 C:\Microsemi\Projects\cariomart_controller\SoftConsole\cariomart_mss_MSS_CM3_0\cariomart_mss_MSS_CM3_0_hw_platform\Debug\libcariomart_mss_MSS_CM3_0_hw_platform.a(ace_config.o)
                0x20002c8c                g_ace_channel_desc_table
 .data          0x20002c9c       0xf4 c:/microsemi/softconsole v3.3/sourcery-g++/bin/../lib/gcc/arm-none-eabi/4.4.1/../../../../arm-none-eabi/lib/thumb2\libc.a(lib_a-impure.o)
                0x20002c9c                _impure_ptr
 .data          0x20002d90      0x410 c:/microsemi/softconsole v3.3/sourcery-g++/bin/../lib/gcc/arm-none-eabi/4.4.1/../../../../arm-none-eabi/lib/thumb2\libc.a(lib_a-mallocr.o)
                0x20002d90                __malloc_av_
                0x20003198                __malloc_sbrk_base
                0x2000319c                __malloc_trim_threshold
                0x200031a0                . = ALIGN (0x4)
                0x200031a0                _edata = .

.bss            0x200031a0       0xb0
                0x200031a0                __bss_start__ = .
                0x200031a0                _sbss = .
 *(.shbss)
 *(.bss .bss.* .gnu.linkonce.b.*)
 .bss           0x200031a0        0x1 c:/microsemi/softconsole v3.3/sourcery-g++/bin/../lib/gcc/arm-none-eabi/4.4.1/thumb2/crtbegin.o
 *fill*         0x200031a1        0x3 00
 .bss.g_stdio_uart_init_done
                0x200031a4        0x4 C:/Microsemi/Projects/cariomart_controller/SoftConsole/cariomart_mss_MSS_CM3_0/cariomart_mss_MSS_CM3_0_hw_platform/Debug/CMSIS/startup_gcc/newlib_stubs.o
 .bss.heap_end.3594
                0x200031a8        0x4 C:/Microsemi/Projects/cariomart_controller/SoftConsole/cariomart_mss_MSS_CM3_0/cariomart_mss_MSS_CM3_0_hw_platform/Debug/CMSIS/startup_gcc/newlib_stubs.o
 .bss.g_gdec_lut
                0x200031ac        0xc C:\Microsemi\Projects\cariomart_controller\SoftConsole\cariomart_mss_MSS_CM3_0\cariomart_mss_MSS_CM3_0_hw_platform\Debug\libcariomart_mss_MSS_CM3_0_hw_platform.a(ace_convert.o)
 .bss.channel_type_lut_h
                0x200031b8        0x4 C:\Microsemi\Projects\cariomart_controller\SoftConsole\cariomart_mss_MSS_CM3_0\cariomart_mss_MSS_CM3_0_hw_platform\Debug\libcariomart_mss_MSS_CM3_0_hw_platform.a(ace_convert.o)
 .bss           0x200031bc       0x34 c:/microsemi/softconsole v3.3/sourcery-g++/bin/../lib/gcc/arm-none-eabi/4.4.1/../../../../arm-none-eabi/lib/thumb2\libc.a(lib_a-mallocr.o)
                0x200031bc                __malloc_top_pad
                0x200031c0                __malloc_current_mallinfo
                0x200031e8                __malloc_max_sbrked_mem
                0x200031ec                __malloc_max_total_mem
 *(COMMON)
 COMMON         0x200031f0        0x8 ./main.o
                0x200031f0                adc_handler
                0x200031f4                game_enabled
 COMMON         0x200031f8       0x50 C:\Microsemi\Projects\cariomart_controller\SoftConsole\cariomart_mss_MSS_CM3_0\cariomart_mss_MSS_CM3_0_hw_platform\Debug\libcariomart_mss_MSS_CM3_0_hw_platform.a(mss_uart.o)
                0x200031f8                g_mss_uart1
                0x20003220                g_mss_uart0
 COMMON         0x20003248        0x4 c:/microsemi/softconsole v3.3/sourcery-g++/bin/../lib/gcc/arm-none-eabi/4.4.1/../../../../arm-none-eabi/lib/thumb2\libc.a(lib_a-reent.o)
                0x20003248                errno
                0x20003250                . = ALIGN (0x8)
 *fill*         0x2000324c        0x4 00
                0x20003250                __bss_end__ = .
                0x20003250                _end = .
                0x20003250                __end = _end
                0x20003250                _ebss = .
                0x20003250                PROVIDE (end, .)

.stack          0x20003250     0x3000
                0x20003250                . = ALIGN (0x4)
                0x20004250                . = (. + PROCESS_STACK_SIZE)
 *fill*         0x20003250     0x1000 00
                0x20004250                . = ALIGN (0x4)
                0x20006250                . = (. + MAIN_STACK_SIZE)
 *fill*         0x20004250     0x2000 00
                0x20006250                . = ALIGN (0x4)

.stab
 *(.stab)

.stabstr
 *(.stabstr)

.debug
 *(.debug)

.line
 *(.line)

.debug_srcinfo
 *(.debug_srcinfo)

.debug_sfnames
 *(.debug_sfnames)

.comment        0x00000000      0x1d9
 .comment       0x00000000       0x2b ./main.o
 .comment       0x0000002b       0x2b ./utility.o
 .comment       0x00000056       0x2b ./xbee.o
 .comment       0x00000081       0x2b C:/Microsemi/Projects/cariomart_controller/SoftConsole/cariomart_mss_MSS_CM3_0/cariomart_mss_MSS_CM3_0_hw_platform/Debug/CMSIS/startup_gcc/newlib_stubs.o
 .comment       0x000000ac       0x2b C:\Microsemi\Projects\cariomart_controller\SoftConsole\cariomart_mss_MSS_CM3_0\cariomart_mss_MSS_CM3_0_hw_platform\Debug\libcariomart_mss_MSS_CM3_0_hw_platform.a(mss_uart.o)
 .comment       0x000000d7       0x2b C:\Microsemi\Projects\cariomart_controller\SoftConsole\cariomart_mss_MSS_CM3_0\cariomart_mss_MSS_CM3_0_hw_platform\Debug\libcariomart_mss_MSS_CM3_0_hw_platform.a(mss_gpio.o)
 .comment       0x00000102       0x2b C:\Microsemi\Projects\cariomart_controller\SoftConsole\cariomart_mss_MSS_CM3_0\cariomart_mss_MSS_CM3_0_hw_platform\Debug\libcariomart_mss_MSS_CM3_0_hw_platform.a(mss_ace.o)
 .comment       0x0000012d       0x2b C:\Microsemi\Projects\cariomart_controller\SoftConsole\cariomart_mss_MSS_CM3_0\cariomart_mss_MSS_CM3_0_hw_platform\Debug\libcariomart_mss_MSS_CM3_0_hw_platform.a(system_a2fxxxm3.o)
 .comment       0x00000158       0x2b C:\Microsemi\Projects\cariomart_controller\SoftConsole\cariomart_mss_MSS_CM3_0\cariomart_mss_MSS_CM3_0_hw_platform\Debug\libcariomart_mss_MSS_CM3_0_hw_platform.a(ace_config.o)
 .comment       0x00000183       0x2b C:\Microsemi\Projects\cariomart_controller\SoftConsole\cariomart_mss_MSS_CM3_0\cariomart_mss_MSS_CM3_0_hw_platform\Debug\libcariomart_mss_MSS_CM3_0_hw_platform.a(ace_convert.o)
 .comment       0x000001ae       0x2b C:\Microsemi\Projects\cariomart_controller\SoftConsole\cariomart_mss_MSS_CM3_0\cariomart_mss_MSS_CM3_0_hw_platform\Debug\libcariomart_mss_MSS_CM3_0_hw_platform.a(ace_flags.o)

.debug_aranges  0x00000000      0x640
 *(.debug_aranges)
 .debug_aranges
                0x00000000       0x28 ./main.o
 .debug_aranges
                0x00000028       0x60 ./utility.o
 .debug_aranges
                0x00000088       0x30 ./xbee.o
 .debug_aranges
                0x000000b8       0xa8 C:/Microsemi/Projects/cariomart_controller/SoftConsole/cariomart_mss_MSS_CM3_0/cariomart_mss_MSS_CM3_0_hw_platform/Debug/CMSIS/startup_gcc/newlib_stubs.o
 .debug_aranges
                0x00000160       0xd8 C:\Microsemi\Projects\cariomart_controller\SoftConsole\cariomart_mss_MSS_CM3_0\cariomart_mss_MSS_CM3_0_hw_platform\Debug\libcariomart_mss_MSS_CM3_0_hw_platform.a(mss_uart.o)
 .debug_aranges
                0x00000238       0x60 C:\Microsemi\Projects\cariomart_controller\SoftConsole\cariomart_mss_MSS_CM3_0\cariomart_mss_MSS_CM3_0_hw_platform\Debug\libcariomart_mss_MSS_CM3_0_hw_platform.a(mss_gpio.o)
 .debug_aranges
                0x00000298       0xe0 C:\Microsemi\Projects\cariomart_controller\SoftConsole\cariomart_mss_MSS_CM3_0\cariomart_mss_MSS_CM3_0_hw_platform\Debug\libcariomart_mss_MSS_CM3_0_hw_platform.a(mss_ace.o)
 .debug_aranges
                0x00000378       0x30 C:\Microsemi\Projects\cariomart_controller\SoftConsole\cariomart_mss_MSS_CM3_0\cariomart_mss_MSS_CM3_0_hw_platform\Debug\libcariomart_mss_MSS_CM3_0_hw_platform.a(system_a2fxxxm3.o)
 .debug_aranges
                0x000003a8       0xb0 C:\Microsemi\Projects\cariomart_controller\SoftConsole\cariomart_mss_MSS_CM3_0\cariomart_mss_MSS_CM3_0_hw_platform\Debug\libcariomart_mss_MSS_CM3_0_hw_platform.a(ace_convert.o)
 .debug_aranges
                0x00000458      0x1e8 C:\Microsemi\Projects\cariomart_controller\SoftConsole\cariomart_mss_MSS_CM3_0\cariomart_mss_MSS_CM3_0_hw_platform\Debug\libcariomart_mss_MSS_CM3_0_hw_platform.a(ace_flags.o)

.debug_pubnames
                0x00000000     0x1158
 *(.debug_pubnames)
 .debug_pubnames
                0x00000000       0x3c ./main.o
 .debug_pubnames
                0x0000003c       0x36 ./utility.o
 .debug_pubnames
                0x00000072       0x53 ./xbee.o
 .debug_pubnames
                0x000000c5       0xeb C:/Microsemi/Projects/cariomart_controller/SoftConsole/cariomart_mss_MSS_CM3_0/cariomart_mss_MSS_CM3_0_hw_platform/Debug/CMSIS/startup_gcc/newlib_stubs.o
 .debug_pubnames
                0x000001b0      0x21c C:\Microsemi\Projects\cariomart_controller\SoftConsole\cariomart_mss_MSS_CM3_0\cariomart_mss_MSS_CM3_0_hw_platform\Debug\libcariomart_mss_MSS_CM3_0_hw_platform.a(mss_uart.o)
 .debug_pubnames
                0x000003cc       0xb1 C:\Microsemi\Projects\cariomart_controller\SoftConsole\cariomart_mss_MSS_CM3_0\cariomart_mss_MSS_CM3_0_hw_platform\Debug\libcariomart_mss_MSS_CM3_0_hw_platform.a(mss_gpio.o)
 .debug_pubnames
                0x0000047d      0x292 C:\Microsemi\Projects\cariomart_controller\SoftConsole\cariomart_mss_MSS_CM3_0\cariomart_mss_MSS_CM3_0_hw_platform\Debug\libcariomart_mss_MSS_CM3_0_hw_platform.a(mss_ace.o)
 .debug_pubnames
                0x0000070f       0xb4 C:\Microsemi\Projects\cariomart_controller\SoftConsole\cariomart_mss_MSS_CM3_0\cariomart_mss_MSS_CM3_0_hw_platform\Debug\libcariomart_mss_MSS_CM3_0_hw_platform.a(system_a2fxxxm3.o)
 .debug_pubnames
                0x000007c3      0x14a C:\Microsemi\Projects\cariomart_controller\SoftConsole\cariomart_mss_MSS_CM3_0\cariomart_mss_MSS_CM3_0_hw_platform\Debug\libcariomart_mss_MSS_CM3_0_hw_platform.a(ace_config.o)
 .debug_pubnames
                0x0000090d      0x1ec C:\Microsemi\Projects\cariomart_controller\SoftConsole\cariomart_mss_MSS_CM3_0\cariomart_mss_MSS_CM3_0_hw_platform\Debug\libcariomart_mss_MSS_CM3_0_hw_platform.a(ace_convert.o)
 .debug_pubnames
                0x00000af9      0x65f C:\Microsemi\Projects\cariomart_controller\SoftConsole\cariomart_mss_MSS_CM3_0\cariomart_mss_MSS_CM3_0_hw_platform\Debug\libcariomart_mss_MSS_CM3_0_hw_platform.a(ace_flags.o)

.debug_info     0x00000000     0xa432
 *(.debug_info .gnu.linkonce.wi.*)
 .debug_info    0x00000000      0x486 ./main.o
 .debug_info    0x00000486      0xe32 ./utility.o
 .debug_info    0x000012b8      0xbb1 ./xbee.o
 .debug_info    0x00001e69     0x10f0 C:/Microsemi/Projects/cariomart_controller/SoftConsole/cariomart_mss_MSS_CM3_0/cariomart_mss_MSS_CM3_0_hw_platform/Debug/CMSIS/startup_gcc/newlib_stubs.o
 .debug_info    0x00002f59     0x15a4 C:\Microsemi\Projects\cariomart_controller\SoftConsole\cariomart_mss_MSS_CM3_0\cariomart_mss_MSS_CM3_0_hw_platform\Debug\libcariomart_mss_MSS_CM3_0_hw_platform.a(mss_uart.o)
 .debug_info    0x000044fd     0x1114 C:\Microsemi\Projects\cariomart_controller\SoftConsole\cariomart_mss_MSS_CM3_0\cariomart_mss_MSS_CM3_0_hw_platform\Debug\libcariomart_mss_MSS_CM3_0_hw_platform.a(mss_gpio.o)
 .debug_info    0x00005611     0x1afb C:\Microsemi\Projects\cariomart_controller\SoftConsole\cariomart_mss_MSS_CM3_0\cariomart_mss_MSS_CM3_0_hw_platform\Debug\libcariomart_mss_MSS_CM3_0_hw_platform.a(mss_ace.o)
 .debug_info    0x0000710c      0x53c C:\Microsemi\Projects\cariomart_controller\SoftConsole\cariomart_mss_MSS_CM3_0\cariomart_mss_MSS_CM3_0_hw_platform\Debug\libcariomart_mss_MSS_CM3_0_hw_platform.a(system_a2fxxxm3.o)
 .debug_info    0x00007648      0x491 C:\Microsemi\Projects\cariomart_controller\SoftConsole\cariomart_mss_MSS_CM3_0\cariomart_mss_MSS_CM3_0_hw_platform\Debug\libcariomart_mss_MSS_CM3_0_hw_platform.a(ace_config.o)
 .debug_info    0x00007ad9     0x1aa2 C:\Microsemi\Projects\cariomart_controller\SoftConsole\cariomart_mss_MSS_CM3_0\cariomart_mss_MSS_CM3_0_hw_platform\Debug\libcariomart_mss_MSS_CM3_0_hw_platform.a(ace_convert.o)
 .debug_info    0x0000957b      0xeb7 C:\Microsemi\Projects\cariomart_controller\SoftConsole\cariomart_mss_MSS_CM3_0\cariomart_mss_MSS_CM3_0_hw_platform\Debug\libcariomart_mss_MSS_CM3_0_hw_platform.a(ace_flags.o)

.debug_abbrev   0x00000000     0x1115
 *(.debug_abbrev)
 .debug_abbrev  0x00000000      0x114 ./main.o
 .debug_abbrev  0x00000114      0x19c ./utility.o
 .debug_abbrev  0x000002b0      0x1b2 ./xbee.o
 .debug_abbrev  0x00000462      0x1f4 C:/Microsemi/Projects/cariomart_controller/SoftConsole/cariomart_mss_MSS_CM3_0/cariomart_mss_MSS_CM3_0_hw_platform/Debug/CMSIS/startup_gcc/newlib_stubs.o
 .debug_abbrev  0x00000656      0x245 C:\Microsemi\Projects\cariomart_controller\SoftConsole\cariomart_mss_MSS_CM3_0\cariomart_mss_MSS_CM3_0_hw_platform\Debug\libcariomart_mss_MSS_CM3_0_hw_platform.a(mss_uart.o)
 .debug_abbrev  0x0000089b      0x181 C:\Microsemi\Projects\cariomart_controller\SoftConsole\cariomart_mss_MSS_CM3_0\cariomart_mss_MSS_CM3_0_hw_platform\Debug\libcariomart_mss_MSS_CM3_0_hw_platform.a(mss_gpio.o)
 .debug_abbrev  0x00000a1c      0x225 C:\Microsemi\Projects\cariomart_controller\SoftConsole\cariomart_mss_MSS_CM3_0\cariomart_mss_MSS_CM3_0_hw_platform\Debug\libcariomart_mss_MSS_CM3_0_hw_platform.a(mss_ace.o)
 .debug_abbrev  0x00000c41      0x111 C:\Microsemi\Projects\cariomart_controller\SoftConsole\cariomart_mss_MSS_CM3_0\cariomart_mss_MSS_CM3_0_hw_platform\Debug\libcariomart_mss_MSS_CM3_0_hw_platform.a(system_a2fxxxm3.o)
 .debug_abbrev  0x00000d52       0xc6 C:\Microsemi\Projects\cariomart_controller\SoftConsole\cariomart_mss_MSS_CM3_0\cariomart_mss_MSS_CM3_0_hw_platform\Debug\libcariomart_mss_MSS_CM3_0_hw_platform.a(ace_config.o)
 .debug_abbrev  0x00000e18      0x191 C:\Microsemi\Projects\cariomart_controller\SoftConsole\cariomart_mss_MSS_CM3_0\cariomart_mss_MSS_CM3_0_hw_platform\Debug\libcariomart_mss_MSS_CM3_0_hw_platform.a(ace_convert.o)
 .debug_abbrev  0x00000fa9      0x16c C:\Microsemi\Projects\cariomart_controller\SoftConsole\cariomart_mss_MSS_CM3_0\cariomart_mss_MSS_CM3_0_hw_platform\Debug\libcariomart_mss_MSS_CM3_0_hw_platform.a(ace_flags.o)

.debug_line     0x00000000     0x32a3
 *(.debug_line)
 .debug_line    0x00000000      0x6d5 ./main.o
 .debug_line    0x000006d5      0x4ba ./utility.o
 .debug_line    0x00000b8f      0x2ab ./xbee.o
 .debug_line    0x00000e3a      0x509 C:/Microsemi/Projects/cariomart_controller/SoftConsole/cariomart_mss_MSS_CM3_0/cariomart_mss_MSS_CM3_0_hw_platform/Debug/CMSIS/startup_gcc/newlib_stubs.o
 .debug_line    0x00001343      0x575 C:\Microsemi\Projects\cariomart_controller\SoftConsole\cariomart_mss_MSS_CM3_0\cariomart_mss_MSS_CM3_0_hw_platform\Debug\libcariomart_mss_MSS_CM3_0_hw_platform.a(mss_uart.o)
 .debug_line    0x000018b8      0x326 C:\Microsemi\Projects\cariomart_controller\SoftConsole\cariomart_mss_MSS_CM3_0\cariomart_mss_MSS_CM3_0_hw_platform\Debug\libcariomart_mss_MSS_CM3_0_hw_platform.a(mss_gpio.o)
 .debug_line    0x00001bde      0x5f9 C:\Microsemi\Projects\cariomart_controller\SoftConsole\cariomart_mss_MSS_CM3_0\cariomart_mss_MSS_CM3_0_hw_platform\Debug\libcariomart_mss_MSS_CM3_0_hw_platform.a(mss_ace.o)
 .debug_line    0x000021d7      0x27b C:\Microsemi\Projects\cariomart_controller\SoftConsole\cariomart_mss_MSS_CM3_0\cariomart_mss_MSS_CM3_0_hw_platform\Debug\libcariomart_mss_MSS_CM3_0_hw_platform.a(system_a2fxxxm3.o)
 .debug_line    0x00002452      0x1a9 C:\Microsemi\Projects\cariomart_controller\SoftConsole\cariomart_mss_MSS_CM3_0\cariomart_mss_MSS_CM3_0_hw_platform\Debug\libcariomart_mss_MSS_CM3_0_hw_platform.a(ace_config.o)
 .debug_line    0x000025fb      0x4d5 C:\Microsemi\Projects\cariomart_controller\SoftConsole\cariomart_mss_MSS_CM3_0\cariomart_mss_MSS_CM3_0_hw_platform\Debug\libcariomart_mss_MSS_CM3_0_hw_platform.a(ace_convert.o)
 .debug_line    0x00002ad0      0x7d3 C:\Microsemi\Projects\cariomart_controller\SoftConsole\cariomart_mss_MSS_CM3_0\cariomart_mss_MSS_CM3_0_hw_platform\Debug\libcariomart_mss_MSS_CM3_0_hw_platform.a(ace_flags.o)

.debug_frame    0x00000000     0x174c
 *(.debug_frame)
 .debug_frame   0x00000000       0x48 ./main.o
 .debug_frame   0x00000048      0x110 ./utility.o
 .debug_frame   0x00000158       0x6c ./xbee.o
 .debug_frame   0x000001c4      0x220 C:/Microsemi/Projects/cariomart_controller/SoftConsole/cariomart_mss_MSS_CM3_0/cariomart_mss_MSS_CM3_0_hw_platform/Debug/CMSIS/startup_gcc/newlib_stubs.o
 .debug_frame   0x000003e4      0x2e4 C:\Microsemi\Projects\cariomart_controller\SoftConsole\cariomart_mss_MSS_CM3_0\cariomart_mss_MSS_CM3_0_hw_platform\Debug\libcariomart_mss_MSS_CM3_0_hw_platform.a(mss_uart.o)
 .debug_frame   0x000006c8      0x118 C:\Microsemi\Projects\cariomart_controller\SoftConsole\cariomart_mss_MSS_CM3_0\cariomart_mss_MSS_CM3_0_hw_platform\Debug\libcariomart_mss_MSS_CM3_0_hw_platform.a(mss_gpio.o)
 .debug_frame   0x000007e0      0x2cc C:\Microsemi\Projects\cariomart_controller\SoftConsole\cariomart_mss_MSS_CM3_0\cariomart_mss_MSS_CM3_0_hw_platform\Debug\libcariomart_mss_MSS_CM3_0_hw_platform.a(mss_ace.o)
 .debug_frame   0x00000aac       0x64 C:\Microsemi\Projects\cariomart_controller\SoftConsole\cariomart_mss_MSS_CM3_0\cariomart_mss_MSS_CM3_0_hw_platform\Debug\libcariomart_mss_MSS_CM3_0_hw_platform.a(system_a2fxxxm3.o)
 .debug_frame   0x00000b10      0x24c C:\Microsemi\Projects\cariomart_controller\SoftConsole\cariomart_mss_MSS_CM3_0\cariomart_mss_MSS_CM3_0_hw_platform\Debug\libcariomart_mss_MSS_CM3_0_hw_platform.a(ace_convert.o)
 .debug_frame   0x00000d5c      0x764 C:\Microsemi\Projects\cariomart_controller\SoftConsole\cariomart_mss_MSS_CM3_0\cariomart_mss_MSS_CM3_0_hw_platform\Debug\libcariomart_mss_MSS_CM3_0_hw_platform.a(ace_flags.o)
 .debug_frame   0x000014c0       0x20 c:/microsemi/softconsole v3.3/sourcery-g++/bin/../lib/gcc/arm-none-eabi/4.4.1/../../../../arm-none-eabi/lib/thumb2\libc.a(lib_a-errno.o)
 .debug_frame   0x000014e0       0x2c c:/microsemi/softconsole v3.3/sourcery-g++/bin/../lib/gcc/arm-none-eabi/4.4.1/../../../../arm-none-eabi/lib/thumb2\libc.a(lib_a-init.o)
 .debug_frame   0x0000150c       0x30 c:/microsemi/softconsole v3.3/sourcery-g++/bin/../lib/gcc/arm-none-eabi/4.4.1/../../../../arm-none-eabi/lib/thumb2\libc.a(lib_a-malloc.o)
 .debug_frame   0x0000153c       0x3c c:/microsemi/softconsole v3.3/sourcery-g++/bin/../lib/gcc/arm-none-eabi/4.4.1/../../../../arm-none-eabi/lib/thumb2\libc.a(lib_a-mallocr.o)
 .debug_frame   0x00001578       0x34 c:/microsemi/softconsole v3.3/sourcery-g++/bin/../lib/gcc/arm-none-eabi/4.4.1/../../../../arm-none-eabi/lib/thumb2\libc.a(lib_a-memcpy.o)
 .debug_frame   0x000015ac       0x30 c:/microsemi/softconsole v3.3/sourcery-g++/bin/../lib/gcc/arm-none-eabi/4.4.1/../../../../arm-none-eabi/lib/thumb2\libc.a(lib_a-mlock.o)
 .debug_frame   0x000015dc       0x2c c:/microsemi/softconsole v3.3/sourcery-g++/bin/../lib/gcc/arm-none-eabi/4.4.1/../../../../arm-none-eabi/lib/thumb2\libc.a(lib_a-sbrkr.o)
 .debug_frame   0x00001608       0x28 c:/microsemi/softconsole v3.3/sourcery-g++/bin/../lib/gcc/arm-none-eabi/4.4.1/../../../../arm-none-eabi/lib/thumb2\libc.a(lib_a-strcat.o)
 .debug_frame   0x00001630       0x20 c:/microsemi/softconsole v3.3/sourcery-g++/bin/../lib/gcc/arm-none-eabi/4.4.1/../../../../arm-none-eabi/lib/thumb2\libc.a(lib_a-strcpy.o)
 .debug_frame   0x00001650       0x20 c:/microsemi/softconsole v3.3/sourcery-g++/bin/../lib/gcc/arm-none-eabi/4.4.1/../../../../arm-none-eabi/lib/thumb2\libc.a(lib_a-strlen.o)
 .debug_frame   0x00001670       0x28 c:/microsemi/softconsole v3.3/sourcery-g++/bin/../lib/gcc/arm-none-eabi/4.4.1/../../../../arm-none-eabi/lib/thumb2\libc.a(lib_a-strncmp.o)
 .debug_frame   0x00001698       0x50 c:/microsemi/softconsole v3.3/sourcery-g++/bin/../lib/gcc/arm-none-eabi/4.4.1/../../../../arm-none-eabi/lib/thumb2\libc.a(lib_a-freer.o)
 .debug_frame   0x000016e8       0x64 c:/microsemi/softconsole v3.3/sourcery-g++/bin/../lib/gcc/arm-none-eabi/4.4.1/../../../../arm-none-eabi/lib/thumb2\libc.a(lib_a-reent.o)

.debug_str      0x00000000     0x3b9c
 *(.debug_str)
 .debug_str     0x00000000      0x4bf ./main.o
                                0x4fd (size before relaxing)
 .debug_str     0x000004bf      0xf8c ./utility.o
                               0x10e7 (size before relaxing)
 .debug_str     0x0000144b      0x398 ./xbee.o
                                0xf89 (size before relaxing)
 .debug_str     0x000017e3      0x273 C:/Microsemi/Projects/cariomart_controller/SoftConsole/cariomart_mss_MSS_CM3_0/cariomart_mss_MSS_CM3_0_hw_platform/Debug/CMSIS/startup_gcc/newlib_stubs.o
                               0x10b9 (size before relaxing)
 .debug_str     0x00001a56      0x30a C:\Microsemi\Projects\cariomart_controller\SoftConsole\cariomart_mss_MSS_CM3_0\cariomart_mss_MSS_CM3_0_hw_platform\Debug\libcariomart_mss_MSS_CM3_0_hw_platform.a(mss_uart.o)
                               0x14ca (size before relaxing)
 .debug_str     0x00001d60      0x14f C:\Microsemi\Projects\cariomart_controller\SoftConsole\cariomart_mss_MSS_CM3_0\cariomart_mss_MSS_CM3_0_hw_platform\Debug\libcariomart_mss_MSS_CM3_0_hw_platform.a(mss_gpio.o)
                               0x12a2 (size before relaxing)
 .debug_str     0x00001eaf     0x1054 C:\Microsemi\Projects\cariomart_controller\SoftConsole\cariomart_mss_MSS_CM3_0\cariomart_mss_MSS_CM3_0_hw_platform\Debug\libcariomart_mss_MSS_CM3_0_hw_platform.a(mss_ace.o)
                               0x12f3 (size before relaxing)
 .debug_str     0x00002f03       0xf7 C:\Microsemi\Projects\cariomart_controller\SoftConsole\cariomart_mss_MSS_CM3_0\cariomart_mss_MSS_CM3_0_hw_platform\Debug\libcariomart_mss_MSS_CM3_0_hw_platform.a(system_a2fxxxm3.o)
                                0x46d (size before relaxing)
 .debug_str     0x00002ffa      0x1ec C:\Microsemi\Projects\cariomart_controller\SoftConsole\cariomart_mss_MSS_CM3_0\cariomart_mss_MSS_CM3_0_hw_platform\Debug\libcariomart_mss_MSS_CM3_0_hw_platform.a(ace_config.o)
                                0x453 (size before relaxing)
 .debug_str     0x000031e6      0x32c C:\Microsemi\Projects\cariomart_controller\SoftConsole\cariomart_mss_MSS_CM3_0\cariomart_mss_MSS_CM3_0_hw_platform\Debug\libcariomart_mss_MSS_CM3_0_hw_platform.a(ace_convert.o)
                                0xfc5 (size before relaxing)
 .debug_str     0x00003512      0x68a C:\Microsemi\Projects\cariomart_controller\SoftConsole\cariomart_mss_MSS_CM3_0\cariomart_mss_MSS_CM3_0_hw_platform\Debug\libcariomart_mss_MSS_CM3_0_hw_platform.a(ace_flags.o)
                               0x1313 (size before relaxing)

.debug_loc      0x00000000     0x226c
 *(.debug_loc)
 .debug_loc     0x00000000       0x62 ./main.o
 .debug_loc     0x00000062      0x1d7 ./utility.o
 .debug_loc     0x00000239       0x9b ./xbee.o
 .debug_loc     0x000002d4      0x3c6 C:/Microsemi/Projects/cariomart_controller/SoftConsole/cariomart_mss_MSS_CM3_0/cariomart_mss_MSS_CM3_0_hw_platform/Debug/CMSIS/startup_gcc/newlib_stubs.o
 .debug_loc     0x0000069a      0x510 C:\Microsemi\Projects\cariomart_controller\SoftConsole\cariomart_mss_MSS_CM3_0\cariomart_mss_MSS_CM3_0_hw_platform\Debug\libcariomart_mss_MSS_CM3_0_hw_platform.a(mss_uart.o)
 .debug_loc     0x00000baa      0x1ef C:\Microsemi\Projects\cariomart_controller\SoftConsole\cariomart_mss_MSS_CM3_0\cariomart_mss_MSS_CM3_0_hw_platform\Debug\libcariomart_mss_MSS_CM3_0_hw_platform.a(mss_gpio.o)
 .debug_loc     0x00000d99      0x53b C:\Microsemi\Projects\cariomart_controller\SoftConsole\cariomart_mss_MSS_CM3_0\cariomart_mss_MSS_CM3_0_hw_platform\Debug\libcariomart_mss_MSS_CM3_0_hw_platform.a(mss_ace.o)
 .debug_loc     0x000012d4       0x99 C:\Microsemi\Projects\cariomart_controller\SoftConsole\cariomart_mss_MSS_CM3_0\cariomart_mss_MSS_CM3_0_hw_platform\Debug\libcariomart_mss_MSS_CM3_0_hw_platform.a(system_a2fxxxm3.o)
 .debug_loc     0x0000136d      0x415 C:\Microsemi\Projects\cariomart_controller\SoftConsole\cariomart_mss_MSS_CM3_0\cariomart_mss_MSS_CM3_0_hw_platform\Debug\libcariomart_mss_MSS_CM3_0_hw_platform.a(ace_convert.o)
 .debug_loc     0x00001782      0xaea C:\Microsemi\Projects\cariomart_controller\SoftConsole\cariomart_mss_MSS_CM3_0\cariomart_mss_MSS_CM3_0_hw_platform\Debug\libcariomart_mss_MSS_CM3_0_hw_platform.a(ace_flags.o)

.debug_macinfo  0x00000000    0x46ab1
 *(.debug_macinfo)
 .debug_macinfo
                0x00000000     0x8263 ./main.o
 .debug_macinfo
                0x00008263     0x7161 ./utility.o
 .debug_macinfo
                0x0000f3c4     0x5d49 ./xbee.o
 .debug_macinfo
                0x0001510d     0x9965 C:/Microsemi/Projects/cariomart_controller/SoftConsole/cariomart_mss_MSS_CM3_0/cariomart_mss_MSS_CM3_0_hw_platform/Debug/CMSIS/startup_gcc/newlib_stubs.o
 .debug_macinfo
                0x0001ea72     0x63e4 C:\Microsemi\Projects\cariomart_controller\SoftConsole\cariomart_mss_MSS_CM3_0\cariomart_mss_MSS_CM3_0_hw_platform\Debug\libcariomart_mss_MSS_CM3_0_hw_platform.a(mss_uart.o)
 .debug_macinfo
                0x00024e56     0x5cfb C:\Microsemi\Projects\cariomart_controller\SoftConsole\cariomart_mss_MSS_CM3_0\cariomart_mss_MSS_CM3_0_hw_platform\Debug\libcariomart_mss_MSS_CM3_0_hw_platform.a(mss_gpio.o)
 .debug_macinfo
                0x0002ab51     0x77f8 C:\Microsemi\Projects\cariomart_controller\SoftConsole\cariomart_mss_MSS_CM3_0\cariomart_mss_MSS_CM3_0_hw_platform\Debug\libcariomart_mss_MSS_CM3_0_hw_platform.a(mss_ace.o)
 .debug_macinfo
                0x00032349     0x5a99 C:\Microsemi\Projects\cariomart_controller\SoftConsole\cariomart_mss_MSS_CM3_0\cariomart_mss_MSS_CM3_0_hw_platform\Debug\libcariomart_mss_MSS_CM3_0_hw_platform.a(system_a2fxxxm3.o)
 .debug_macinfo
                0x00037de2     0x18ca C:\Microsemi\Projects\cariomart_controller\SoftConsole\cariomart_mss_MSS_CM3_0\cariomart_mss_MSS_CM3_0_hw_platform\Debug\libcariomart_mss_MSS_CM3_0_hw_platform.a(ace_config.o)
 .debug_macinfo
                0x000396ac     0x5b96 C:\Microsemi\Projects\cariomart_controller\SoftConsole\cariomart_mss_MSS_CM3_0\cariomart_mss_MSS_CM3_0_hw_platform\Debug\libcariomart_mss_MSS_CM3_0_hw_platform.a(ace_convert.o)
 .debug_macinfo
                0x0003f242     0x786f C:\Microsemi\Projects\cariomart_controller\SoftConsole\cariomart_mss_MSS_CM3_0\cariomart_mss_MSS_CM3_0_hw_platform\Debug\libcariomart_mss_MSS_CM3_0_hw_platform.a(ace_flags.o)

.debug_weaknames
 *(.debug_weaknames)

.debug_funcnames
 *(.debug_funcnames)

.debug_typenames
 *(.debug_typenames)

.debug_varnames
 *(.debug_varnames)

.note.gnu.arm.ident
 *(.note.gnu.arm.ident)

.ARM.attributes
                0x00000000       0x25
 *(.ARM.attributes)
 .ARM.attributes
                0x00000000       0x19 c:/microsemi/softconsole v3.3/sourcery-g++/bin/../lib/gcc/arm-none-eabi/4.4.1/thumb2/crti.o
 .ARM.attributes
                0x00000019       0x29 c:/microsemi/softconsole v3.3/sourcery-g++/bin/../lib/gcc/arm-none-eabi/4.4.1/thumb2/crtbegin.o
 .ARM.attributes
                0x00000042       0x31 ./main.o
 .ARM.attributes
                0x00000073       0x31 ./utility.o
 .ARM.attributes
                0x000000a4       0x31 ./xbee.o
 .ARM.attributes
                0x000000d5       0x21 C:/Microsemi/Projects/cariomart_controller/SoftConsole/cariomart_mss_MSS_CM3_0/cariomart_mss_MSS_CM3_0_hw_platform/Debug/CMSIS/startup_gcc/startup_a2fxxxm3.o
 .ARM.attributes
                0x000000f6       0x31 C:/Microsemi/Projects/cariomart_controller/SoftConsole/cariomart_mss_MSS_CM3_0/cariomart_mss_MSS_CM3_0_hw_platform/Debug/CMSIS/startup_gcc/newlib_stubs.o
 .ARM.attributes
                0x00000127       0x31 C:\Microsemi\Projects\cariomart_controller\SoftConsole\cariomart_mss_MSS_CM3_0\cariomart_mss_MSS_CM3_0_hw_platform\Debug\libcariomart_mss_MSS_CM3_0_hw_platform.a(mss_uart.o)
 .ARM.attributes
                0x00000158       0x31 C:\Microsemi\Projects\cariomart_controller\SoftConsole\cariomart_mss_MSS_CM3_0\cariomart_mss_MSS_CM3_0_hw_platform\Debug\libcariomart_mss_MSS_CM3_0_hw_platform.a(mss_gpio.o)
 .ARM.attributes
                0x00000189       0x31 C:\Microsemi\Projects\cariomart_controller\SoftConsole\cariomart_mss_MSS_CM3_0\cariomart_mss_MSS_CM3_0_hw_platform\Debug\libcariomart_mss_MSS_CM3_0_hw_platform.a(mss_ace.o)
 .ARM.attributes
                0x000001ba       0x31 C:\Microsemi\Projects\cariomart_controller\SoftConsole\cariomart_mss_MSS_CM3_0\cariomart_mss_MSS_CM3_0_hw_platform\Debug\libcariomart_mss_MSS_CM3_0_hw_platform.a(system_a2fxxxm3.o)
 .ARM.attributes
                0x000001eb       0x31 C:\Microsemi\Projects\cariomart_controller\SoftConsole\cariomart_mss_MSS_CM3_0\cariomart_mss_MSS_CM3_0_hw_platform\Debug\libcariomart_mss_MSS_CM3_0_hw_platform.a(ace_config.o)
 .ARM.attributes
                0x0000021c       0x31 C:\Microsemi\Projects\cariomart_controller\SoftConsole\cariomart_mss_MSS_CM3_0\cariomart_mss_MSS_CM3_0_hw_platform\Debug\libcariomart_mss_MSS_CM3_0_hw_platform.a(ace_convert.o)
 .ARM.attributes
                0x0000024d       0x31 C:\Microsemi\Projects\cariomart_controller\SoftConsole\cariomart_mss_MSS_CM3_0\cariomart_mss_MSS_CM3_0_hw_platform\Debug\libcariomart_mss_MSS_CM3_0_hw_platform.a(ace_flags.o)
 .ARM.attributes
                0x0000027e       0x29 c:/microsemi/softconsole v3.3/sourcery-g++/bin/../lib/gcc/arm-none-eabi/4.4.1/../../../../arm-none-eabi/lib/thumb2\libc.a(lib_a-errno.o)
 .ARM.attributes
                0x000002a7       0x29 c:/microsemi/softconsole v3.3/sourcery-g++/bin/../lib/gcc/arm-none-eabi/4.4.1/../../../../arm-none-eabi/lib/thumb2\libc.a(lib_a-impure.o)
 .ARM.attributes
                0x000002d0       0x29 c:/microsemi/softconsole v3.3/sourcery-g++/bin/../lib/gcc/arm-none-eabi/4.4.1/../../../../arm-none-eabi/lib/thumb2\libc.a(lib_a-init.o)
 .ARM.attributes
                0x000002f9       0x29 c:/microsemi/softconsole v3.3/sourcery-g++/bin/../lib/gcc/arm-none-eabi/4.4.1/../../../../arm-none-eabi/lib/thumb2\libc.a(lib_a-malloc.o)
 .ARM.attributes
                0x00000322       0x29 c:/microsemi/softconsole v3.3/sourcery-g++/bin/../lib/gcc/arm-none-eabi/4.4.1/../../../../arm-none-eabi/lib/thumb2\libc.a(lib_a-mallocr.o)
 .ARM.attributes
                0x0000034b       0x29 c:/microsemi/softconsole v3.3/sourcery-g++/bin/../lib/gcc/arm-none-eabi/4.4.1/../../../../arm-none-eabi/lib/thumb2\libc.a(lib_a-memcpy.o)
 .ARM.attributes
                0x00000374       0x29 c:/microsemi/softconsole v3.3/sourcery-g++/bin/../lib/gcc/arm-none-eabi/4.4.1/../../../../arm-none-eabi/lib/thumb2\libc.a(lib_a-mlock.o)
 .ARM.attributes
                0x0000039d       0x29 c:/microsemi/softconsole v3.3/sourcery-g++/bin/../lib/gcc/arm-none-eabi/4.4.1/../../../../arm-none-eabi/lib/thumb2\libc.a(lib_a-sbrkr.o)
 .ARM.attributes
                0x000003c6       0x29 c:/microsemi/softconsole v3.3/sourcery-g++/bin/../lib/gcc/arm-none-eabi/4.4.1/../../../../arm-none-eabi/lib/thumb2\libc.a(lib_a-strcat.o)
 .ARM.attributes
                0x000003ef       0x29 c:/microsemi/softconsole v3.3/sourcery-g++/bin/../lib/gcc/arm-none-eabi/4.4.1/../../../../arm-none-eabi/lib/thumb2\libc.a(lib_a-strcpy.o)
 .ARM.attributes
                0x00000418       0x29 c:/microsemi/softconsole v3.3/sourcery-g++/bin/../lib/gcc/arm-none-eabi/4.4.1/../../../../arm-none-eabi/lib/thumb2\libc.a(lib_a-strlen.o)
 .ARM.attributes
                0x00000441       0x29 c:/microsemi/softconsole v3.3/sourcery-g++/bin/../lib/gcc/arm-none-eabi/4.4.1/../../../../arm-none-eabi/lib/thumb2\libc.a(lib_a-strncmp.o)
 .ARM.attributes
                0x0000046a       0x29 c:/microsemi/softconsole v3.3/sourcery-g++/bin/../lib/gcc/arm-none-eabi/4.4.1/../../../../arm-none-eabi/lib/thumb2\libc.a(lib_a-freer.o)
 .ARM.attributes
                0x00000493       0x29 c:/microsemi/softconsole v3.3/sourcery-g++/bin/../lib/gcc/arm-none-eabi/4.4.1/../../../../arm-none-eabi/lib/thumb2\libc.a(lib_a-reent.o)
 .ARM.attributes
                0x000004bc       0x29 c:/microsemi/softconsole v3.3/sourcery-g++/bin/../lib/gcc/arm-none-eabi/4.4.1/thumb2/crtend.o
 .ARM.attributes
                0x000004e5       0x19 c:/microsemi/softconsole v3.3/sourcery-g++/bin/../lib/gcc/arm-none-eabi/4.4.1/thumb2/crtn.o

/DISCARD/
 *(.note.GNU-stack)
 *(.isr_vector)
OUTPUT(cariomart_mss_MSS_CM3_0_app elf32-littlearm)

.debug_ranges   0x00000000      0x5f0
 .debug_ranges  0x00000000       0x20 ./main.o
 .debug_ranges  0x00000020       0x58 ./utility.o
 .debug_ranges  0x00000078       0x28 ./xbee.o
 .debug_ranges  0x000000a0       0xa0 C:/Microsemi/Projects/cariomart_controller/SoftConsole/cariomart_mss_MSS_CM3_0/cariomart_mss_MSS_CM3_0_hw_platform/Debug/CMSIS/startup_gcc/newlib_stubs.o
 .debug_ranges  0x00000140       0xd0 C:\Microsemi\Projects\cariomart_controller\SoftConsole\cariomart_mss_MSS_CM3_0\cariomart_mss_MSS_CM3_0_hw_platform\Debug\libcariomart_mss_MSS_CM3_0_hw_platform.a(mss_uart.o)
 .debug_ranges  0x00000210       0x58 C:\Microsemi\Projects\cariomart_controller\SoftConsole\cariomart_mss_MSS_CM3_0\cariomart_mss_MSS_CM3_0_hw_platform\Debug\libcariomart_mss_MSS_CM3_0_hw_platform.a(mss_gpio.o)
 .debug_ranges  0x00000268       0xd8 C:\Microsemi\Projects\cariomart_controller\SoftConsole\cariomart_mss_MSS_CM3_0\cariomart_mss_MSS_CM3_0_hw_platform\Debug\libcariomart_mss_MSS_CM3_0_hw_platform.a(mss_ace.o)
 .debug_ranges  0x00000340       0x28 C:\Microsemi\Projects\cariomart_controller\SoftConsole\cariomart_mss_MSS_CM3_0\cariomart_mss_MSS_CM3_0_hw_platform\Debug\libcariomart_mss_MSS_CM3_0_hw_platform.a(system_a2fxxxm3.o)
 .debug_ranges  0x00000368       0xa8 C:\Microsemi\Projects\cariomart_controller\SoftConsole\cariomart_mss_MSS_CM3_0\cariomart_mss_MSS_CM3_0_hw_platform\Debug\libcariomart_mss_MSS_CM3_0_hw_platform.a(ace_convert.o)
 .debug_ranges  0x00000410      0x1e0 C:\Microsemi\Projects\cariomart_controller\SoftConsole\cariomart_mss_MSS_CM3_0\cariomart_mss_MSS_CM3_0_hw_platform\Debug\libcariomart_mss_MSS_CM3_0_hw_platform.a(ace_flags.o)
